#
# There is insufficient memory for the Java Runtime Environment to continue.
# Native memory allocation (malloc) failed to allocate 231280 bytes for Chunk::new
# Possible reasons:
#   The system is out of physical RAM or swap space
#   The process is running with CompressedOops enabled, and the Java Heap may be blocking the growth of the native heap
# Possible solutions:
#   Reduce memory load on the system
#   Increase physical memory or swap space
#   Check if swap backing store is full
#   Decrease Java heap size (-Xmx/-Xms)
#   Decrease number of Java threads
#   Decrease Java thread stack sizes (-Xss)
#   Set larger code cache with -XX:ReservedCodeCacheSize=
#   JVM is running with Unscaled Compressed Oops mode in which the Java heap is
#     placed in the first 4GB address space. The Java Heap base address is the
#     maximum limit for the native heap growth. Please use -XX:HeapBaseMinAddress
#     to set the Java Heap base and to place the Java Heap above 4GB virtual address.
# This output file may be truncated or incomplete.
#
#  Out of Memory Error (arena.cpp:168), pid=5380, tid=12496
#
# JRE version: Java(TM) SE Runtime Environment (21.0.8+12) (build 21.0.8+12-LTS-250)
# Java VM: Java HotSpot(TM) 64-Bit Server VM (21.0.8+12-LTS-250, mixed mode, sharing, tiered, compressed oops, compressed class ptrs, g1 gc, windows-amd64)
# No core dump will be written. Minidumps are not enabled by default on client versions of Windows
#

---------------  S U M M A R Y ------------

Command Line: -javaagent:C:\Program Files\JetBrains\IntelliJ IDEA Community Edition 2025.2.3\lib\idea_rt.jar=52076 -Dfile.encoding=UTF-8 -Dsun.stdout.encoding=UTF-8 -Dsun.stderr.encoding=UTF-8 com.example.fullstack_backend.FullstackBackendApplication

Host: 11th Gen Intel(R) Core(TM) i3-1115G4 @ 3.00GHz, 4 cores, 3G,  Windows 10 , 64 bit Build 19041 (10.0.19041.5915)
Time: Fri Nov  7 09:37:23 2025 Sri Lanka Standard Time elapsed time: 11.936971 seconds (0d 0h 0m 11s)

---------------  T H R E A D  ---------------

Current thread (0x000001e2e8ea8190):  JavaThread "C2 CompilerThread0" daemon [_thread_in_native, id=12496, stack(0x0000009024400000,0x0000009024500000) (1024K)]


Current CompileTask:
C2:  11937 4952       4       java.io.WinNTFileSystem::resolve (326 bytes)

Stack: [0x0000009024400000,0x0000009024500000]
Native frames: (J=compiled Java code, j=interpreted, Vv=VM code, C=native code)
V  [jvm.dll+0x6cc179]
V  [jvm.dll+0x8584c1]
V  [jvm.dll+0x85a9ee]
V  [jvm.dll+0x85b0c3]
V  [jvm.dll+0x27ebf6]
V  [jvm.dll+0xc4f4d]
V  [jvm.dll+0xc5483]
V  [jvm.dll+0x3b6abc]
V  [jvm.dll+0x382a35]
V  [jvm.dll+0x381eaa]
V  [jvm.dll+0x247670]
V  [jvm.dll+0x246c4f]
V  [jvm.dll+0x1c7a3e]
V  [jvm.dll+0x256359]
V  [jvm.dll+0x2548ea]
V  [jvm.dll+0x3efef6]
V  [jvm.dll+0x80279b]
V  [jvm.dll+0x6ca85d]
C  [ucrtbase.dll+0x21bb2]
C  [KERNEL32.DLL+0x17374]
C  [ntdll.dll+0x4cc91]


---------------  P R O C E S S  ---------------

Threads class SMR info:
_java_thread_list=0x000001e2ef187460, length=18, elements={
0x000001e2cc288ed0, 0x000001e2e8e9de60, 0x000001e2e8e9fde0, 0x000001e2e8ea0bf0,
0x000001e2e8ea1930, 0x000001e2e8ea48b0, 0x000001e2e8ea53f0, 0x000001e2e8ea8190,
0x000001e2e8eb0140, 0x000001e2ed1100a0, 0x000001e2ed2f4ab0, 0x000001e2ed2f5110,
0x000001e2ef396ec0, 0x000001e2ef2acbd0, 0x000001e2ef2ad230, 0x000001e2ed999490,
0x000001e2ed8303c0, 0x000001e2ef05bb70
}

Java Threads: ( => current thread )
  0x000001e2cc288ed0 JavaThread "main"                              [_thread_in_vm, id=21036, stack(0x0000009023600000,0x0000009023700000) (1024K)]
  0x000001e2e8e9de60 JavaThread "Reference Handler"          daemon [_thread_blocked, id=14120, stack(0x0000009023e00000,0x0000009023f00000) (1024K)]
  0x000001e2e8e9fde0 JavaThread "Finalizer"                  daemon [_thread_blocked, id=21260, stack(0x0000009023f00000,0x0000009024000000) (1024K)]
  0x000001e2e8ea0bf0 JavaThread "Signal Dispatcher"          daemon [_thread_blocked, id=8636, stack(0x0000009024000000,0x0000009024100000) (1024K)]
  0x000001e2e8ea1930 JavaThread "Attach Listener"            daemon [_thread_blocked, id=18504, stack(0x0000009024100000,0x0000009024200000) (1024K)]
  0x000001e2e8ea48b0 JavaThread "Service Thread"             daemon [_thread_blocked, id=15028, stack(0x0000009024200000,0x0000009024300000) (1024K)]
  0x000001e2e8ea53f0 JavaThread "Monitor Deflation Thread"   daemon [_thread_blocked, id=16508, stack(0x0000009024300000,0x0000009024400000) (1024K)]
=>0x000001e2e8ea8190 JavaThread "C2 CompilerThread0"         daemon [_thread_in_native, id=12496, stack(0x0000009024400000,0x0000009024500000) (1024K)]
  0x000001e2e8eb0140 JavaThread "C1 CompilerThread0"         daemon [_thread_blocked, id=21104, stack(0x0000009024500000,0x0000009024600000) (1024K)]
  0x000001e2ed1100a0 JavaThread "Common-Cleaner"             daemon [_thread_blocked, id=20116, stack(0x0000009024600000,0x0000009024700000) (1024K)]
  0x000001e2ed2f4ab0 JavaThread "Monitor Ctrl-Break"         daemon [_thread_in_native, id=18704, stack(0x0000009024700000,0x0000009024800000) (1024K)]
  0x000001e2ed2f5110 JavaThread "Notification Thread"        daemon [_thread_blocked, id=19676, stack(0x0000009024800000,0x0000009024900000) (1024K)]
  0x000001e2ef396ec0 JavaThread "Catalina-utility-1"                [_thread_blocked, id=19004, stack(0x0000009024c00000,0x0000009024d00000) (1024K)]
  0x000001e2ef2acbd0 JavaThread "Catalina-utility-2"                [_thread_blocked, id=19892, stack(0x0000009024d00000,0x0000009024e00000) (1024K)]
  0x000001e2ef2ad230 JavaThread "container-0"                       [_thread_blocked, id=1596, stack(0x0000009024e00000,0x0000009024f00000) (1024K)]
  0x000001e2ed999490 JavaThread "mysql-cj-abandoned-connection-cleanup" daemon [_thread_blocked, id=19520, stack(0x0000009024f00000,0x0000009025000000) (1024K)]
  0x000001e2ed8303c0 JavaThread "HikariPool-1:housekeeper"   daemon [_thread_blocked, id=5836, stack(0x0000009025100000,0x0000009025200000) (1024K)]
  0x000001e2ef05bb70 JavaThread "HikariPool-1:connection-adder" daemon [_thread_blocked, id=1640, stack(0x0000009025200000,0x0000009025300000) (1024K)]
Total: 18

Other Threads:
  0x000001e2ce4568b0 VMThread "VM Thread"                           [id=12460, stack(0x0000009023d00000,0x0000009023e00000) (1024K)]
  0x000001e2e8e8d960 WatcherThread "VM Periodic Task Thread"        [id=16716, stack(0x0000009023c00000,0x0000009023d00000) (1024K)]
  0x000001e2ce3d18c0 WorkerThread "GC Thread#0"                     [id=8408, stack(0x0000009023700000,0x0000009023800000) (1024K)]
  0x000001e2ed7aa860 WorkerThread "GC Thread#1"                     [id=16496, stack(0x0000009024900000,0x0000009024a00000) (1024K)]
  0x000001e2eda2bc80 WorkerThread "GC Thread#2"                     [id=20752, stack(0x0000009024a00000,0x0000009024b00000) (1024K)]
  0x000001e2eda2c020 WorkerThread "GC Thread#3"                     [id=14560, stack(0x0000009024b00000,0x0000009024c00000) (1024K)]
  0x000001e2ce3da060 ConcurrentGCThread "G1 Main Marker"            [id=1504, stack(0x0000009023800000,0x0000009023900000) (1024K)]
  0x000001e2ce3daf90 WorkerThread "G1 Conc#0"                       [id=19964, stack(0x0000009023900000,0x0000009023a00000) (1024K)]
  0x000001e2ce433b10 ConcurrentGCThread "G1 Refine#0"               [id=21400, stack(0x0000009023a00000,0x0000009023b00000) (1024K)]
  0x000001e2ce434680 ConcurrentGCThread "G1 Service"                [id=20584, stack(0x0000009023b00000,0x0000009023c00000) (1024K)]
Total: 10

Threads with active compile tasks:
C2 CompilerThread0    12005 4952       4       java.io.WinNTFileSystem::resolve (326 bytes)
Total: 1

VM state: not at safepoint (normal execution)

VM Mutex/Monitor currently owned by a thread:  ([mutex/lock_event])
[0x00007ffc5f21ee50] Metaspace_lock - owner thread: 0x000001e2cc288ed0

Heap address: 0x00000000c4200000, size: 958 MB, Compressed Oops mode: 32-bit

CDS archive(s) mapped at: [0x000001e280000000-0x000001e280c90000-0x000001e280c90000), size 13172736, SharedBaseAddress: 0x000001e280000000, ArchiveRelocationMode: 1.
Compressed class space mapped at: 0x000001e281000000-0x000001e2c1000000, reserved size: 1073741824
Narrow klass base: 0x000001e280000000, Narrow klass shift: 0, Narrow klass range: 0x100000000

GC Precious Log:
 CardTable entry size: 512
 Card Set container configuration: InlinePtr #cards 5 size 8 Array Of Cards #cards 12 size 40 Howl #buckets 4 coarsen threshold 1843 Howl Bitmap #cards 512 size 80 coarsen threshold 460 Card regions per heap region 1 cards per card region 2048
 CPUs: 4 total, 4 available
 Memory: 3830M
 Large Page Support: Disabled
 NUMA Support: Disabled
 Compressed Oops: Enabled (32-bit)
 Heap Region Size: 1M
 Heap Min Capacity: 8M
 Heap Initial Capacity: 60M
 Heap Max Capacity: 958M
 Pre-touch: Disabled
 Parallel Workers: 4
 Concurrent Workers: 1
 Concurrent Refinement Workers: 4
 Periodic GC: Disabled

Heap:
 garbage-first heap   total 48128K, used 28238K [0x00000000c4200000, 0x0000000100000000)
  region size 1024K, 9 young (9216K), 2 survivors (2048K)
 Metaspace       used 52584K, committed 53120K, reserved 1114112K
  class space    used 6777K, committed 7040K, reserved 1048576K

Heap Regions: E=young(eden), S=young(survivor), O=old, HS=humongous(starts), HC=humongous(continues), CS=collection set, F=free, TAMS=top-at-mark-start, PB=parsable bottom
|   0|0x00000000c4200000, 0x00000000c4300000, 0x00000000c4300000|100%|HS|  |TAMS 0x00000000c4200000| PB 0x00000000c4200000| Complete 
|   1|0x00000000c4300000, 0x00000000c4400000, 0x00000000c4400000|100%|HS|  |TAMS 0x00000000c4300000| PB 0x00000000c4300000| Complete 
|   2|0x00000000c4400000, 0x00000000c4500000, 0x00000000c4500000|100%| O|  |TAMS 0x00000000c4400000| PB 0x00000000c4400000| Untracked 
|   3|0x00000000c4500000, 0x00000000c4600000, 0x00000000c4600000|100%| O|  |TAMS 0x00000000c4500000| PB 0x00000000c4500000| Untracked 
|   4|0x00000000c4600000, 0x00000000c4700000, 0x00000000c4700000|100%| O|  |TAMS 0x00000000c4600000| PB 0x00000000c4600000| Untracked 
|   5|0x00000000c4700000, 0x00000000c4800000, 0x00000000c4800000|100%| O|  |TAMS 0x00000000c4700000| PB 0x00000000c4700000| Untracked 
|   6|0x00000000c4800000, 0x00000000c4900000, 0x00000000c4900000|100%| O|  |TAMS 0x00000000c4800000| PB 0x00000000c4800000| Untracked 
|   7|0x00000000c4900000, 0x00000000c4a00000, 0x00000000c4a00000|100%| O|  |TAMS 0x00000000c4900000| PB 0x00000000c4900000| Untracked 
|   8|0x00000000c4a00000, 0x00000000c4b00000, 0x00000000c4b00000|100%| O|  |TAMS 0x00000000c4a00000| PB 0x00000000c4a00000| Untracked 
|   9|0x00000000c4b00000, 0x00000000c4c00000, 0x00000000c4c00000|100%| O|  |TAMS 0x00000000c4b00000| PB 0x00000000c4b00000| Untracked 
|  10|0x00000000c4c00000, 0x00000000c4d00000, 0x00000000c4d00000|100%| O|  |TAMS 0x00000000c4c00000| PB 0x00000000c4c00000| Untracked 
|  11|0x00000000c4d00000, 0x00000000c4e00000, 0x00000000c4e00000|100%| O|  |TAMS 0x00000000c4d00000| PB 0x00000000c4d00000| Untracked 
|  12|0x00000000c4e00000, 0x00000000c4f00000, 0x00000000c4f00000|100%| O|  |TAMS 0x00000000c4e00000| PB 0x00000000c4e00000| Untracked 
|  13|0x00000000c4f00000, 0x00000000c4f00000, 0x00000000c5000000|  0%| F|  |TAMS 0x00000000c4f00000| PB 0x00000000c4f00000| Untracked 
|  14|0x00000000c5000000, 0x00000000c5100000, 0x00000000c5100000|100%| O|  |TAMS 0x00000000c5000000| PB 0x00000000c5000000| Untracked 
|  15|0x00000000c5100000, 0x00000000c5200000, 0x00000000c5200000|100%| O|  |TAMS 0x00000000c5100000| PB 0x00000000c5100000| Untracked 
|  16|0x00000000c5200000, 0x00000000c5300000, 0x00000000c5300000|100%| O|  |TAMS 0x00000000c5200000| PB 0x00000000c5200000| Untracked 
|  17|0x00000000c5300000, 0x00000000c5400000, 0x00000000c5400000|100%| O|  |TAMS 0x00000000c5300000| PB 0x00000000c5300000| Untracked 
|  18|0x00000000c5400000, 0x00000000c5500000, 0x00000000c5500000|100%| O|  |TAMS 0x00000000c5400000| PB 0x00000000c5400000| Untracked 
|  19|0x00000000c5500000, 0x00000000c5600000, 0x00000000c5600000|100%| O|  |TAMS 0x00000000c5500000| PB 0x00000000c5500000| Untracked 
|  20|0x00000000c5600000, 0x00000000c5700000, 0x00000000c5700000|100%| O|  |TAMS 0x00000000c5600000| PB 0x00000000c5600000| Untracked 
|  21|0x00000000c5700000, 0x00000000c5800000, 0x00000000c5800000|100%| O|  |TAMS 0x00000000c5700000| PB 0x00000000c5700000| Untracked 
|  22|0x00000000c5800000, 0x00000000c5800000, 0x00000000c5900000|  0%| F|  |TAMS 0x00000000c5800000| PB 0x00000000c5800000| Untracked 
|  23|0x00000000c5900000, 0x00000000c5900000, 0x00000000c5a00000|  0%| F|  |TAMS 0x00000000c5900000| PB 0x00000000c5900000| Untracked 
|  24|0x00000000c5a00000, 0x00000000c5a00000, 0x00000000c5b00000|  0%| F|  |TAMS 0x00000000c5a00000| PB 0x00000000c5a00000| Untracked 
|  25|0x00000000c5b00000, 0x00000000c5b54d40, 0x00000000c5c00000| 33%| O|  |TAMS 0x00000000c5b00000| PB 0x00000000c5b00000| Untracked 
|  26|0x00000000c5c00000, 0x00000000c5c00000, 0x00000000c5d00000|  0%| F|  |TAMS 0x00000000c5c00000| PB 0x00000000c5c00000| Untracked 
|  27|0x00000000c5d00000, 0x00000000c5d3edd0, 0x00000000c5e00000| 24%| S|CS|TAMS 0x00000000c5d00000| PB 0x00000000c5d00000| Complete 
|  28|0x00000000c5e00000, 0x00000000c5f00000, 0x00000000c5f00000|100%| S|CS|TAMS 0x00000000c5e00000| PB 0x00000000c5e00000| Complete 
|  29|0x00000000c5f00000, 0x00000000c5f00000, 0x00000000c6000000|  0%| F|  |TAMS 0x00000000c5f00000| PB 0x00000000c5f00000| Untracked 
|  30|0x00000000c6000000, 0x00000000c6000000, 0x00000000c6100000|  0%| F|  |TAMS 0x00000000c6000000| PB 0x00000000c6000000| Untracked 
|  31|0x00000000c6100000, 0x00000000c6100000, 0x00000000c6200000|  0%| F|  |TAMS 0x00000000c6100000| PB 0x00000000c6100000| Untracked 
|  32|0x00000000c6200000, 0x00000000c6200000, 0x00000000c6300000|  0%| F|  |TAMS 0x00000000c6200000| PB 0x00000000c6200000| Untracked 
|  33|0x00000000c6300000, 0x00000000c6300000, 0x00000000c6400000|  0%| F|  |TAMS 0x00000000c6300000| PB 0x00000000c6300000| Untracked 
|  34|0x00000000c6400000, 0x00000000c6400000, 0x00000000c6500000|  0%| F|  |TAMS 0x00000000c6400000| PB 0x00000000c6400000| Untracked 
|  35|0x00000000c6500000, 0x00000000c6500000, 0x00000000c6600000|  0%| F|  |TAMS 0x00000000c6500000| PB 0x00000000c6500000| Untracked 
|  36|0x00000000c6600000, 0x00000000c6600000, 0x00000000c6700000|  0%| F|  |TAMS 0x00000000c6600000| PB 0x00000000c6600000| Untracked 
|  37|0x00000000c6700000, 0x00000000c6700000, 0x00000000c6800000|  0%| F|  |TAMS 0x00000000c6700000| PB 0x00000000c6700000| Untracked 
|  38|0x00000000c6800000, 0x00000000c6800000, 0x00000000c6900000|  0%| F|  |TAMS 0x00000000c6800000| PB 0x00000000c6800000| Untracked 
|  39|0x00000000c6900000, 0x00000000c6900000, 0x00000000c6a00000|  0%| F|  |TAMS 0x00000000c6900000| PB 0x00000000c6900000| Untracked 
|  40|0x00000000c6a00000, 0x00000000c6a594c8, 0x00000000c6b00000| 34%| E|  |TAMS 0x00000000c6a00000| PB 0x00000000c6a00000| Complete 
|  41|0x00000000c6b00000, 0x00000000c6c00000, 0x00000000c6c00000|100%| E|CS|TAMS 0x00000000c6b00000| PB 0x00000000c6b00000| Complete 
|  42|0x00000000c6c00000, 0x00000000c6d00000, 0x00000000c6d00000|100%| E|  |TAMS 0x00000000c6c00000| PB 0x00000000c6c00000| Complete 
|  43|0x00000000c6d00000, 0x00000000c6e00000, 0x00000000c6e00000|100%| E|CS|TAMS 0x00000000c6d00000| PB 0x00000000c6d00000| Complete 
|  44|0x00000000c6e00000, 0x00000000c6f00000, 0x00000000c6f00000|100%| E|CS|TAMS 0x00000000c6e00000| PB 0x00000000c6e00000| Complete 
|  45|0x00000000c6f00000, 0x00000000c7000000, 0x00000000c7000000|100%| E|CS|TAMS 0x00000000c6f00000| PB 0x00000000c6f00000| Complete 
|  46|0x00000000c7000000, 0x00000000c7100000, 0x00000000c7100000|100%| E|CS|TAMS 0x00000000c7000000| PB 0x00000000c7000000| Complete 

Card table byte_map: [0x000001e2e5830000,0x000001e2e5a10000] _byte_map_base: 0x000001e2e520f000

Marking Bits: (CMBitMap*) 0x000001e2ce3d1fc0
 Bits: [0x000001e2e5a10000, 0x000001e2e6908000)

Polling page: 0x000001e2cc510000

Metaspace:

Usage:
  Non-class:     44.73 MB used.
      Class:      6.62 MB used.
       Both:     51.35 MB used.

Virtual space:
  Non-class space:       64.00 MB reserved,      45.00 MB ( 70%) committed,  1 nodes.
      Class space:        1.00 GB reserved,       6.88 MB ( <1%) committed,  1 nodes.
             Both:        1.06 GB reserved,      51.88 MB (  5%) committed. 

Chunk freelists:
   Non-Class:  2.80 MB
       Class:  8.98 MB
        Both:  11.78 MB

MaxMetaspaceSize: unlimited
CompressedClassSpaceSize: 1.00 GB
Initial GC threshold: 21.00 MB
Current GC threshold: 58.69 MB
CDS: on
 - commit_granule_bytes: 65536.
 - commit_granule_words: 8192.
 - virtual_space_node_default_size: 8388608.
 - enlarge_chunks_in_place: 1.
 - use_allocation_guard: 0.


Internal statistics:

num_allocs_failed_limit: 6.
num_arena_births: 714.
num_arena_deaths: 0.
num_vsnodes_births: 2.
num_vsnodes_deaths: 0.
num_space_committed: 830.
num_space_uncommitted: 0.
num_chunks_returned_to_freelist: 6.
num_chunks_taken_from_freelist: 2459.
num_chunk_merges: 6.
num_chunk_splits: 1768.
num_chunks_enlarged: 1378.
num_inconsistent_stats: 0.

CodeHeap 'non-profiled nmethods': size=120000Kb used=2592Kb max_used=2592Kb free=117407Kb
 bounds [0x000001e2de300000, 0x000001e2de590000, 0x000001e2e5830000]
CodeHeap 'profiled nmethods': size=120000Kb used=9335Kb max_used=9335Kb free=110664Kb
 bounds [0x000001e2d6830000, 0x000001e2d7150000, 0x000001e2ddd60000]
CodeHeap 'non-nmethods': size=5760Kb used=1806Kb max_used=1847Kb free=3953Kb
 bounds [0x000001e2ddd60000, 0x000001e2ddfd0000, 0x000001e2de300000]
 total_blobs=5270 nmethods=4606 adapters=567
 compilation: enabled
              stopped_count=0, restarted_count=0
 full_count=0

Compilation events (20 events):
Event: 11.774 Thread 0x000001e2e8ea8190 nmethod 4943 0x000001e2de585710 code [0x000001e2de5858a0, 0x000001e2de5859d0]
Event: 11.774 Thread 0x000001e2e8ea8190 4944       4       java.lang.StringBuilder::append (8 bytes)
Event: 11.776 Thread 0x000001e2e8eb0140 4947       3       java.lang.ClassLoader::getSystemClassLoader (96 bytes)
Event: 11.776 Thread 0x000001e2e8eb0140 nmethod 4947 0x000001e2d714d290 code [0x000001e2d714d480, 0x000001e2d714d918]
Event: 11.778 Thread 0x000001e2e8ea8190 nmethod 4944 0x000001e2de585b90 code [0x000001e2de585d60, 0x000001e2de586180]
Event: 11.778 Thread 0x000001e2e8ea8190 4945       4       jdk.internal.org.objectweb.asm.Frame::push (109 bytes)
Event: 11.779 Thread 0x000001e2e8eb0140 4948       1       java.lang.invoke.MethodHandle::isVarargsCollector (2 bytes)
Event: 11.780 Thread 0x000001e2e8eb0140 nmethod 4948 0x000001e2de586490 code [0x000001e2de586620, 0x000001e2de5866e8]
Event: 11.784 Thread 0x000001e2e8ea8190 nmethod 4945 0x000001e2de586790 code [0x000001e2de586940, 0x000001e2de586ff8]
Event: 11.830 Thread 0x000001e2e8ea8190 4949       4       java.lang.ClassLoader::defineClass (43 bytes)
Event: 11.832 Thread 0x000001e2e8ea8190 nmethod 4949 0x000001e2de587190 code [0x000001e2de587360, 0x000001e2de587568]
Event: 11.832 Thread 0x000001e2e8ea8190 4950       4       jdk.internal.loader.URLClassPath$JarLoader$2::getCodeSigners (8 bytes)
Event: 11.834 Thread 0x000001e2e8ea8190 nmethod 4950 0x000001e2de587810 code [0x000001e2de5879c0, 0x000001e2de587be8]
Event: 11.834 Thread 0x000001e2e8ea8190 4951   !   4       java.util.jar.JarFile$JarFileEntry::getCodeSigners (77 bytes)
Event: 11.836 Thread 0x000001e2e8ea8190 nmethod 4951 0x000001e2de587e10 code [0x000001e2de587fc0, 0x000001e2de588188]
Event: 11.843 Thread 0x000001e2e8ea8190 4952       4       java.io.WinNTFileSystem::resolve (326 bytes)
Event: 11.844 Thread 0x000001e2e8eb0140 4953       3       java.lang.invoke.Invokers::basicInvoker (103 bytes)
Event: 11.845 Thread 0x000001e2e8eb0140 nmethod 4953 0x000001e2d714da90 code [0x000001e2d714dd40, 0x000001e2d714e718]
Event: 11.845 Thread 0x000001e2e8eb0140 4954       3       java.lang.invoke.Invokers::cachedInvoker (7 bytes)
Event: 11.845 Thread 0x000001e2e8eb0140 nmethod 4954 0x000001e2d714eb90 code [0x000001e2d714ed20, 0x000001e2d714ee58]

GC Heap History (18 events):
Event: 2.945 GC heap before
{Heap before GC invocations=0 (full 0):
 garbage-first heap   total 61440K, used 14336K [0x00000000c4200000, 0x0000000100000000)
  region size 1024K, 13 young (13312K), 0 survivors (0K)
 Metaspace       used 3428K, committed 3584K, reserved 1114112K
  class space    used 351K, committed 448K, reserved 1048576K
}
Event: 2.961 GC heap after
{Heap after GC invocations=1 (full 0):
 garbage-first heap   total 61440K, used 6790K [0x00000000c4200000, 0x0000000100000000)
  region size 1024K, 2 young (2048K), 2 survivors (2048K)
 Metaspace       used 3428K, committed 3584K, reserved 1114112K
  class space    used 351K, committed 448K, reserved 1048576K
}
Event: 3.572 GC heap before
{Heap before GC invocations=1 (full 0):
 garbage-first heap   total 61440K, used 21126K [0x00000000c4200000, 0x0000000100000000)
  region size 1024K, 16 young (16384K), 2 survivors (2048K)
 Metaspace       used 7507K, committed 7808K, reserved 1114112K
  class space    used 904K, committed 1088K, reserved 1048576K
}
Event: 3.578 GC heap after
{Heap after GC invocations=2 (full 0):
 garbage-first heap   total 61440K, used 8176K [0x00000000c4200000, 0x0000000100000000)
  region size 1024K, 2 young (2048K), 2 survivors (2048K)
 Metaspace       used 7507K, committed 7808K, reserved 1114112K
  class space    used 904K, committed 1088K, reserved 1048576K
}
Event: 4.750 GC heap before
{Heap before GC invocations=2 (full 0):
 garbage-first heap   total 61440K, used 39920K [0x00000000c4200000, 0x0000000100000000)
  region size 1024K, 34 young (34816K), 2 survivors (2048K)
 Metaspace       used 16461K, committed 16768K, reserved 1114112K
  class space    used 2024K, committed 2176K, reserved 1048576K
}
Event: 4.760 GC heap after
{Heap after GC invocations=3 (full 0):
 garbage-first heap   total 61440K, used 10541K [0x00000000c4200000, 0x0000000100000000)
  region size 1024K, 4 young (4096K), 4 survivors (4096K)
 Metaspace       used 16461K, committed 16768K, reserved 1114112K
  class space    used 2024K, committed 2176K, reserved 1048576K
}
Event: 5.872 GC heap before
{Heap before GC invocations=3 (full 0):
 garbage-first heap   total 61440K, used 40237K [0x00000000c4200000, 0x0000000100000000)
  region size 1024K, 35 young (35840K), 4 survivors (4096K)
 Metaspace       used 21156K, committed 21504K, reserved 1114112K
  class space    used 2567K, committed 2688K, reserved 1048576K
}
Event: 5.883 GC heap after
{Heap after GC invocations=4 (full 0):
 garbage-first heap   total 61440K, used 13605K [0x00000000c4200000, 0x0000000100000000)
  region size 1024K, 5 young (5120K), 5 survivors (5120K)
 Metaspace       used 21156K, committed 21504K, reserved 1114112K
  class space    used 2567K, committed 2688K, reserved 1048576K
}
Event: 6.868 GC heap before
{Heap before GC invocations=5 (full 0):
 garbage-first heap   total 48128K, used 37157K [0x00000000c4200000, 0x0000000100000000)
  region size 1024K, 28 young (28672K), 5 survivors (5120K)
 Metaspace       used 25281K, committed 25728K, reserved 1114112K
  class space    used 3217K, committed 3456K, reserved 1048576K
}
Event: 6.885 GC heap after
{Heap after GC invocations=6 (full 0):
 garbage-first heap   total 48128K, used 16677K [0x00000000c4200000, 0x0000000100000000)
  region size 1024K, 3 young (3072K), 3 survivors (3072K)
 Metaspace       used 25281K, committed 25728K, reserved 1114112K
  class space    used 3217K, committed 3456K, reserved 1048576K
}
Event: 8.117 GC heap before
{Heap before GC invocations=6 (full 0):
 garbage-first heap   total 48128K, used 36133K [0x00000000c4200000, 0x0000000100000000)
  region size 1024K, 23 young (23552K), 3 survivors (3072K)
 Metaspace       used 30444K, committed 31040K, reserved 1114112K
  class space    used 3826K, committed 4096K, reserved 1048576K
}
Event: 8.123 GC heap after
{Heap after GC invocations=7 (full 0):
 garbage-first heap   total 48128K, used 18199K [0x00000000c4200000, 0x0000000100000000)
  region size 1024K, 2 young (2048K), 2 survivors (2048K)
 Metaspace       used 30444K, committed 31040K, reserved 1114112K
  class space    used 3826K, committed 4096K, reserved 1048576K
}
Event: 8.698 GC heap before
{Heap before GC invocations=7 (full 0):
 garbage-first heap   total 48128K, used 36631K [0x00000000c4200000, 0x0000000100000000)
  region size 1024K, 21 young (21504K), 2 survivors (2048K)
 Metaspace       used 35416K, committed 35968K, reserved 1114112K
  class space    used 4635K, committed 4928K, reserved 1048576K
}
Event: 8.704 GC heap after
{Heap after GC invocations=8 (full 0):
 garbage-first heap   total 48128K, used 19134K [0x00000000c4200000, 0x0000000100000000)
  region size 1024K, 1 young (1024K), 1 survivors (1024K)
 Metaspace       used 35416K, committed 35968K, reserved 1114112K
  class space    used 4635K, committed 4928K, reserved 1048576K
}
Event: 10.544 GC heap before
{Heap before GC invocations=9 (full 0):
 garbage-first heap   total 48128K, used 39614K [0x00000000c4200000, 0x0000000100000000)
  region size 1024K, 22 young (22528K), 1 survivors (1024K)
 Metaspace       used 44840K, committed 45440K, reserved 1114112K
  class space    used 5763K, committed 6016K, reserved 1048576K
}
Event: 10.548 GC heap after
{Heap after GC invocations=10 (full 0):
 garbage-first heap   total 48128K, used 21823K [0x00000000c4200000, 0x0000000100000000)
  region size 1024K, 3 young (3072K), 3 survivors (3072K)
 Metaspace       used 44840K, committed 45440K, reserved 1114112K
  class space    used 5763K, committed 6016K, reserved 1048576K
}
Event: 11.632 GC heap before
{Heap before GC invocations=10 (full 0):
 garbage-first heap   total 48128K, used 40255K [0x00000000c4200000, 0x0000000100000000)
  region size 1024K, 21 young (21504K), 3 survivors (3072K)
 Metaspace       used 49512K, committed 50048K, reserved 1114112K
  class space    used 6320K, committed 6528K, reserved 1048576K
}
Event: 11.639 GC heap after
{Heap after GC invocations=11 (full 0):
 garbage-first heap   total 48128K, used 23118K [0x00000000c4200000, 0x0000000100000000)
  region size 1024K, 2 young (2048K), 2 survivors (2048K)
 Metaspace       used 49512K, committed 50048K, reserved 1114112K
  class space    used 6320K, committed 6528K, reserved 1048576K
}

Dll operation events (12 events):
Event: 0.031 Loaded shared library C:\Program Files\Java\jdk-21\bin\java.dll
Event: 0.164 Loaded shared library C:\Program Files\Java\jdk-21\bin\jsvml.dll
Event: 0.342 Loaded shared library C:\Program Files\Java\jdk-21\bin\zip.dll
Event: 0.350 Loaded shared library C:\Program Files\Java\jdk-21\bin\instrument.dll
Event: 0.361 Loaded shared library C:\Program Files\Java\jdk-21\bin\net.dll
Event: 0.365 Loaded shared library C:\Program Files\Java\jdk-21\bin\nio.dll
Event: 0.370 Loaded shared library C:\Program Files\Java\jdk-21\bin\zip.dll
Event: 1.282 Loaded shared library C:\Program Files\Java\jdk-21\bin\extnet.dll
Event: 1.382 Loaded shared library C:\Program Files\Java\jdk-21\bin\jimage.dll
Event: 5.184 Loaded shared library C:\Program Files\Java\jdk-21\bin\sunmscapi.dll
Event: 7.433 Loaded shared library C:\Program Files\Java\jdk-21\bin\management.dll
Event: 7.440 Loaded shared library C:\Program Files\Java\jdk-21\bin\management_ext.dll

Deoptimization events (20 events):
Event: 10.952 Thread 0x000001e2cc288ed0 Uncommon trap: trap_request=0xffffff45 fr.pc=0x000001e2de3f374c relative=0x000000000000018c
Event: 10.952 Thread 0x000001e2cc288ed0 Uncommon trap: reason=unstable_if action=reinterpret pc=0x000001e2de3f374c method=java.lang.Integer.getChars(II[B)I @ 4 c2
Event: 10.952 Thread 0x000001e2cc288ed0 DEOPT PACKING pc=0x000001e2de3f374c sp=0x00000090236fd660
Event: 10.952 Thread 0x000001e2cc288ed0 DEOPT UNPACKING pc=0x000001e2dddb7da2 sp=0x00000090236fd5f0 mode 2
Event: 11.059 Thread 0x000001e2cc288ed0 DEOPT PACKING pc=0x000001e2d6893aa7 sp=0x00000090236fd830
Event: 11.059 Thread 0x000001e2cc288ed0 DEOPT UNPACKING pc=0x000001e2dddb88e2 sp=0x00000090236fcca0 mode 0
Event: 11.060 Thread 0x000001e2cc288ed0 DEOPT PACKING pc=0x000001e2d6893aa7 sp=0x00000090236fd830
Event: 11.060 Thread 0x000001e2cc288ed0 DEOPT UNPACKING pc=0x000001e2dddb88e2 sp=0x00000090236fcca0 mode 0
Event: 11.064 Thread 0x000001e2cc288ed0 Uncommon trap: trap_request=0xffffffc6 fr.pc=0x000001e2de51577c relative=0x0000000000000a1c
Event: 11.064 Thread 0x000001e2cc288ed0 Uncommon trap: reason=bimorphic_or_optimized_type_check action=maybe_recompile pc=0x000001e2de51577c method=java.util.HashMap.putVal(ILjava/lang/Object;Ljava/lang/Object;ZZ)Ljava/lang/Object; @ 203 c2
Event: 11.064 Thread 0x000001e2cc288ed0 DEOPT PACKING pc=0x000001e2de51577c sp=0x00000090236fd250
Event: 11.064 Thread 0x000001e2cc288ed0 DEOPT UNPACKING pc=0x000001e2dddb7da2 sp=0x00000090236fd1f0 mode 2
Event: 11.070 Thread 0x000001e2cc288ed0 Uncommon trap: trap_request=0xffffffc6 fr.pc=0x000001e2de51577c relative=0x0000000000000a1c
Event: 11.070 Thread 0x000001e2cc288ed0 Uncommon trap: reason=bimorphic_or_optimized_type_check action=maybe_recompile pc=0x000001e2de51577c method=java.util.HashMap.putVal(ILjava/lang/Object;Ljava/lang/Object;ZZ)Ljava/lang/Object; @ 203 c2
Event: 11.071 Thread 0x000001e2cc288ed0 DEOPT PACKING pc=0x000001e2de51577c sp=0x00000090236fd250
Event: 11.071 Thread 0x000001e2cc288ed0 DEOPT UNPACKING pc=0x000001e2dddb7da2 sp=0x00000090236fd1f0 mode 2
Event: 11.071 Thread 0x000001e2cc288ed0 Uncommon trap: trap_request=0xffffffc6 fr.pc=0x000001e2de51577c relative=0x0000000000000a1c
Event: 11.071 Thread 0x000001e2cc288ed0 Uncommon trap: reason=bimorphic_or_optimized_type_check action=maybe_recompile pc=0x000001e2de51577c method=java.util.HashMap.putVal(ILjava/lang/Object;Ljava/lang/Object;ZZ)Ljava/lang/Object; @ 203 c2
Event: 11.071 Thread 0x000001e2cc288ed0 DEOPT PACKING pc=0x000001e2de51577c sp=0x00000090236fd250
Event: 11.071 Thread 0x000001e2cc288ed0 DEOPT UNPACKING pc=0x000001e2dddb7da2 sp=0x00000090236fd1f0 mode 2

Classes loaded (20 events):
Event: 10.889 Loading class jdk/internal/ValueBased
Event: 10.890 Loading class jdk/internal/ValueBased done
Event: 10.946 Loading class java/util/stream/ReduceOps$1
Event: 10.947 Loading class java/util/stream/ReduceOps$1 done
Event: 10.947 Loading class java/util/stream/ReduceOps$1ReducingSink
Event: 10.947 Loading class java/util/stream/ReduceOps$1ReducingSink done
Event: 11.142 Loading class javax/naming/RefAddr
Event: 11.143 Loading class javax/naming/RefAddr done
Event: 11.143 Loading class javax/naming/StringRefAddr
Event: 11.143 Loading class javax/naming/StringRefAddr done
Event: 11.299 Loading class java/util/concurrent/CompletableFuture$AltResult
Event: 11.302 Loading class java/util/concurrent/CompletableFuture$AltResult done
Event: 11.302 Loading class java/util/concurrent/CompletableFuture$Completion
Event: 11.304 Loading class java/util/concurrent/CompletableFuture$AsynchronousCompletionTask
Event: 11.307 Loading class java/util/concurrent/CompletableFuture$AsynchronousCompletionTask done
Event: 11.307 Loading class java/util/concurrent/CompletableFuture$Completion done
Event: 11.508 Loading class java/util/concurrent/CancellationException
Event: 11.508 Loading class java/util/concurrent/CancellationException done
Event: 11.709 Loading class java/security/CodeSigner
Event: 11.709 Loading class java/security/CodeSigner done

Classes unloaded (0 events):
No events

Classes redefined (0 events):
No events

Internal exceptions (20 events):
Event: 6.749 Thread 0x000001e2cc288ed0 Exception <a 'java/lang/NoSuchMethodError'{0x00000000c59b8ab8}: 'java.lang.Object java.lang.invoke.Invokers$Holder.linkToTargetMethod(java.lang.Object, java.lang.Object, int, java.lang.Object)'> (0x00000000c59b8ab8) 
thrown [s\open\src\hotspot\share\interpreter\linkResolver.cpp, line 773]
Event: 6.957 Thread 0x000001e2cc288ed0 Exception <a 'java/lang/NoSuchMethodError'{0x00000000c6f17f38}: 'java.lang.Object java.lang.invoke.DirectMethodHandle$Holder.invokeStaticInit(java.lang.Object, int, int, int, int)'> (0x00000000c6f17f38) 
thrown [s\open\src\hotspot\share\interpreter\linkResolver.cpp, line 773]
Event: 7.133 Thread 0x000001e2cc288ed0 Exception <a 'java/lang/NoSuchMethodError'{0x00000000c6fde3a0}: 'java.lang.Object java.lang.invoke.DirectMethodHandle$Holder.invokeStaticInit(java.lang.Object, java.lang.Object, int, int, int, int)'> (0x00000000c6fde3a0) 
thrown [s\open\src\hotspot\share\interpreter\linkResolver.cpp, line 773]
Event: 7.396 Thread 0x000001e2cc288ed0 Exception <a 'java/lang/NoSuchMethodError'{0x00000000c6bef8a0}: 'int java.lang.invoke.DirectMethodHandle$Holder.invokeVirtual(java.lang.Object, java.lang.Object, java.lang.Object, java.lang.Object)'> (0x00000000c6bef8a0) 
thrown [s\open\src\hotspot\share\interpreter\linkResolver.cpp, line 773]
Event: 7.396 Thread 0x000001e2cc288ed0 Exception <a 'java/lang/NoSuchMethodError'{0x00000000c6bf3318}: 'int java.lang.invoke.DelegatingMethodHandle$Holder.reinvoke_L(java.lang.Object, java.lang.Object, java.lang.Object, java.lang.Object)'> (0x00000000c6bf3318) 
thrown [s\open\src\hotspot\share\interpreter\linkResolver.cpp, line 773]
Event: 7.465 Thread 0x000001e2cc288ed0 Exception <a 'java/io/FileNotFoundException'{0x00000000c6af5a70}> (0x00000000c6af5a70) 
thrown [s\open\src\hotspot\share\prims\jni.cpp, line 520]
Event: 7.535 Thread 0x000001e2cc288ed0 Exception <a 'java/lang/NoSuchMethodError'{0x00000000c674b4e0}: 'int java.lang.invoke.DirectMethodHandle$Holder.invokeInterface(java.lang.Object, java.lang.Object, java.lang.Object, java.lang.Object)'> (0x00000000c674b4e0) 
thrown [s\open\src\hotspot\share\interpreter\linkResolver.cpp, line 773]
Event: 7.603 Thread 0x000001e2cc288ed0 Exception <a 'java/lang/NoSuchMethodError'{0x00000000c653d970}: 'long java.lang.invoke.DirectMethodHandle$Holder.invokeVirtual(java.lang.Object, java.lang.Object)'> (0x00000000c653d970) 
thrown [s\open\src\hotspot\share\interpreter\linkResolver.cpp, line 773]
Event: 7.731 Thread 0x000001e2cc288ed0 Exception <a 'java/lang/NoSuchMethodError'{0x00000000c6442768}: 'void java.lang.invoke.DirectMethodHandle$Holder.invokeVirtual(java.lang.Object, java.lang.Object, long)'> (0x00000000c6442768) 
thrown [s\open\src\hotspot\share\interpreter\linkResolver.cpp, line 773]
Event: 7.817 Thread 0x000001e2cc288ed0 Implicit null exception at 0x000001e2de47d535 to 0x000001e2de47d740
Event: 7.826 Thread 0x000001e2cc288ed0 Exception <a 'java/lang/NoSuchMethodError'{0x00000000c62babd0}: 'java.lang.Object java.lang.invoke.DirectMethodHandle$Holder.newInvokeSpecial(java.lang.Object, java.lang.Object, java.lang.Object, java.lang.Object, java.lang.Object, java.lang.Object, java.lang.Object, java.lang.Object, java.lang.Object, java.lang.Object, java.lang.Object, java.lang.Object)'> (0x00000000c62babd0) 
thrown [s\open\src\hotspot\share\interpreter\linkResolver.cpp, line 773]
Event: 8.060 Thread 0x000001e2cc288ed0 Exception <a 'java/lang/NoSuchMethodError'{0x00000000c5ff5590}: 'void java.lang.invoke.DelegatingMethodHandle$Holder.reinvoke_L(java.lang.Object, java.lang.Object, java.lang.Object, java.lang.Object, int, java.lang.Object, java.lang.Object, java.lang.Object)'> (0x00000000c5ff5590) 
thrown [s\open\src\hotspot\share\interpreter\linkResolver.cpp, line 773]
Event: 8.839 Thread 0x000001e2cc288ed0 Exception <a 'java/lang/NoSuchMethodError'{0x00000000c6d18fc0}: 'int java.lang.invoke.DirectMethodHandle$Holder.invokeStatic(java.lang.Object)'> (0x00000000c6d18fc0) 
thrown [s\open\src\hotspot\share\interpreter\linkResolver.cpp, line 773]
Event: 8.852 Thread 0x000001e2cc288ed0 Implicit null exception at 0x000001e2de4a6433 to 0x000001e2de4a6abc
Event: 9.354 Thread 0x000001e2cc288ed0 Exception <a 'sun/nio/fs/WindowsException'{0x00000000c667b290}> (0x00000000c667b290) 
thrown [s\open\src\hotspot\share\prims\jni.cpp, line 520]
Event: 10.428 Thread 0x000001e2cc288ed0 Exception <a 'java/lang/NoSuchMethodError'{0x00000000c5e51130}: 'java.lang.Object java.lang.invoke.DirectMethodHandle$Holder.invokeStaticInit(java.lang.Object, java.lang.Object, java.lang.Object, java.lang.Object)'> (0x00000000c5e51130) 
thrown [s\open\src\hotspot\share\interpreter\linkResolver.cpp, line 773]
Event: 10.451 Thread 0x000001e2cc288ed0 Exception <a 'java/lang/NoSuchMethodError'{0x00000000c5c11190}: 'int java.lang.invoke.Invokers$Holder.invokeExact_MT(java.lang.Object, java.lang.Object)'> (0x00000000c5c11190) 
thrown [s\open\src\hotspot\share\interpreter\linkResolver.cpp, line 773]
Event: 11.562 Thread 0x000001e2cc288ed0 Exception <a 'java/lang/IncompatibleClassChangeError'{0x00000000c61ccdd8}: Found class java.lang.Object, but interface was expected> (0x00000000c61ccdd8) 
thrown [s\open\src\hotspot\share\interpreter\linkResolver.cpp, line 840]
Event: 11.589 Thread 0x000001e2cc288ed0 Exception <a 'java/lang/NoSuchMethodError'{0x00000000c6096df0}: 'java.lang.Object java.lang.invoke.DirectMethodHandle$Holder.invokeStatic(java.lang.Object, java.lang.Object, int, java.lang.Object)'> (0x00000000c6096df0) 
thrown [s\open\src\hotspot\share\interpreter\linkResolver.cpp, line 773]
Event: 11.589 Thread 0x000001e2cc288ed0 Exception <a 'java/lang/NoSuchMethodError'{0x00000000c609a5f8}: 'java.lang.Object java.lang.invoke.DirectMethodHandle$Holder.invokeStaticInit(java.lang.Object, java.lang.Object, int, java.lang.Object)'> (0x00000000c609a5f8) 
thrown [s\open\src\hotspot\share\interpreter\linkResolver.cpp, line 773]

ZGC Phase Switch (0 events):
No events

VM Operations (20 events):
Event: 8.142 Executing VM operation: HandshakeAllThreads (Deoptimize)
Event: 8.142 Executing VM operation: HandshakeAllThreads (Deoptimize) done
Event: 8.698 Executing VM operation: CollectForMetadataAllocation (Metadata GC Threshold)
Event: 8.706 Executing VM operation: CollectForMetadataAllocation (Metadata GC Threshold) done
Event: 8.734 Executing VM operation: G1PauseRemark
Event: 8.739 Executing VM operation: G1PauseRemark done
Event: 8.751 Executing VM operation: G1PauseCleanup
Event: 8.758 Executing VM operation: G1PauseCleanup done
Event: 9.357 Executing VM operation: HandshakeAllThreads (Deoptimize)
Event: 9.357 Executing VM operation: HandshakeAllThreads (Deoptimize) done
Event: 9.364 Executing VM operation: HandshakeAllThreads (Deoptimize)
Event: 9.364 Executing VM operation: HandshakeAllThreads (Deoptimize) done
Event: 9.674 Executing VM operation: HandshakeAllThreads (Deoptimize)
Event: 9.674 Executing VM operation: HandshakeAllThreads (Deoptimize) done
Event: 10.543 Executing VM operation: G1CollectForAllocation (G1 Evacuation Pause)
Event: 10.548 Executing VM operation: G1CollectForAllocation (G1 Evacuation Pause) done
Event: 11.551 Executing VM operation: Cleanup
Event: 11.551 Executing VM operation: Cleanup done
Event: 11.632 Executing VM operation: G1CollectForAllocation (G1 Evacuation Pause)
Event: 11.639 Executing VM operation: G1CollectForAllocation (G1 Evacuation Pause) done

Events (20 events):
Event: 8.738 Thread 0x000001e2ce4568b0 flushing nmethod 0x000001e2d6b83e90
Event: 8.738 Thread 0x000001e2ce4568b0 flushing nmethod 0x000001e2d6b84690
Event: 8.738 Thread 0x000001e2ce4568b0 flushing nmethod 0x000001e2d6b85110
Event: 8.738 Thread 0x000001e2ce4568b0 flushing nmethod 0x000001e2d6bcdf10
Event: 8.738 Thread 0x000001e2ce4568b0 flushing nmethod 0x000001e2d6bcfe10
Event: 8.738 Thread 0x000001e2ce4568b0 flushing nmethod 0x000001e2d6bd0e10
Event: 8.738 Thread 0x000001e2ce4568b0 flushing nmethod 0x000001e2d6bf3210
Event: 8.738 Thread 0x000001e2ce4568b0 flushing nmethod 0x000001e2d6bf9410
Event: 8.738 Thread 0x000001e2ce4568b0 flushing nmethod 0x000001e2d6bfa410
Event: 8.738 Thread 0x000001e2ce4568b0 flushing nmethod 0x000001e2d6bfac10
Event: 8.738 Thread 0x000001e2ce4568b0 flushing nmethod 0x000001e2d6c37690
Event: 8.738 Thread 0x000001e2ce4568b0 flushing nmethod 0x000001e2d6c39190
Event: 8.738 Thread 0x000001e2ce4568b0 flushing nmethod 0x000001e2d6c3a790
Event: 8.738 Thread 0x000001e2ce4568b0 flushing nmethod 0x000001e2d6c3ac90
Event: 8.738 Thread 0x000001e2ce4568b0 flushing nmethod 0x000001e2d6c3b410
Event: 8.738 Thread 0x000001e2ce4568b0 flushing nmethod 0x000001e2d6c4e610
Event: 8.738 Thread 0x000001e2ce4568b0 flushing nmethod 0x000001e2d6c4fb10
Event: 8.738 Thread 0x000001e2ce4568b0 flushing nmethod 0x000001e2d6c55a90
Event: 9.870 Thread 0x000001e2ed8303c0 Thread added: 0x000001e2ed8303c0
Event: 9.989 Thread 0x000001e2ef05bb70 Thread added: 0x000001e2ef05bb70


Dynamic libraries:
0x00007ff78d540000 - 0x00007ff78d550000 	C:\Program Files\Java\jdk-21\bin\java.exe
0x00007ffd05e70000 - 0x00007ffd06068000 	C:\Windows\SYSTEM32\ntdll.dll
0x00007ffcba4c0000 - 0x00007ffcba4e0000 	C:\Program Files\Avast Software\Avast\aswhook.dll
0x00007ffd055f0000 - 0x00007ffd056b2000 	C:\Windows\System32\KERNEL32.DLL
0x00007ffd03a10000 - 0x00007ffd03d06000 	C:\Windows\System32\KERNELBASE.dll
0x00007ffd03660000 - 0x00007ffd03760000 	C:\Windows\System32\ucrtbase.dll
0x00007ffcd3f40000 - 0x00007ffcd3f5b000 	C:\Program Files\Java\jdk-21\bin\VCRUNTIME140.dll
0x00007ffcd3f60000 - 0x00007ffcd3f79000 	C:\Program Files\Java\jdk-21\bin\jli.dll
0x00007ffd05130000 - 0x00007ffd051e1000 	C:\Windows\System32\ADVAPI32.dll
0x00007ffd04830000 - 0x00007ffd048ce000 	C:\Windows\System32\msvcrt.dll
0x00007ffd04ca0000 - 0x00007ffd04d3f000 	C:\Windows\System32\sechost.dll
0x00007ffd054d0000 - 0x00007ffd055f0000 	C:\Windows\System32\RPCRT4.dll
0x00007ffd03e60000 - 0x00007ffd03e87000 	C:\Windows\System32\bcrypt.dll
0x00007ffd048d0000 - 0x00007ffd04a71000 	C:\Windows\System32\USER32.dll
0x00007ffd03900000 - 0x00007ffd03922000 	C:\Windows\System32\win32u.dll
0x00007ffd04c70000 - 0x00007ffd04c9b000 	C:\Windows\System32\GDI32.dll
0x00007ffd037e0000 - 0x00007ffd038f9000 	C:\Windows\System32\gdi32full.dll
0x00007ffd03d10000 - 0x00007ffd03dad000 	C:\Windows\System32\msvcp_win.dll
0x00007ffcf2db0000 - 0x00007ffcf2dba000 	C:\Windows\SYSTEM32\VERSION.dll
0x00007ffcd7460000 - 0x00007ffcd76fb000 	C:\Windows\WinSxS\amd64_microsoft.windows.common-controls_6595b64144ccf1df_6.0.19041.6456_none_60b8a6cb71f64256\COMCTL32.dll
0x00007ffd04fb0000 - 0x00007ffd04fdf000 	C:\Windows\System32\IMM32.DLL
0x00007ffcefa80000 - 0x00007ffcefa8c000 	C:\Program Files\Java\jdk-21\bin\vcruntime140_1.dll
0x00007ffc9cf50000 - 0x00007ffc9cfde000 	C:\Program Files\Java\jdk-21\bin\msvcp140.dll
0x00007ffc5e5e0000 - 0x00007ffc5f2fd000 	C:\Program Files\Java\jdk-21\bin\server\jvm.dll
0x00007ffd04d40000 - 0x00007ffd04dab000 	C:\Windows\System32\WS2_32.dll
0x00007ffd02a40000 - 0x00007ffd02a8b000 	C:\Windows\SYSTEM32\POWRPROF.dll
0x00007ffcf88d0000 - 0x00007ffcf88f7000 	C:\Windows\SYSTEM32\WINMM.dll
0x00007ffd02900000 - 0x00007ffd02912000 	C:\Windows\SYSTEM32\UMPDC.dll
0x00007ffd01d10000 - 0x00007ffd01d22000 	C:\Windows\SYSTEM32\kernel.appcore.dll
0x00007ffcd4500000 - 0x00007ffcd450a000 	C:\Program Files\Java\jdk-21\bin\jimage.dll
0x00007ffd019f0000 - 0x00007ffd01bf1000 	C:\Windows\SYSTEM32\DBGHELP.DLL
0x00007ffcf1ce0000 - 0x00007ffcf1d14000 	C:\Windows\SYSTEM32\dbgcore.DLL
0x00007ffd03930000 - 0x00007ffd039b2000 	C:\Windows\System32\bcryptPrimitives.dll
0x00007ffcd3d40000 - 0x00007ffcd3d4f000 	C:\Program Files\Java\jdk-21\bin\instrument.dll
0x00007ffcd3f20000 - 0x00007ffcd3f3f000 	C:\Program Files\Java\jdk-21\bin\java.dll
0x00007ffd056c0000 - 0x00007ffd05e30000 	C:\Windows\System32\SHELL32.dll
0x00007ffd01170000 - 0x00007ffd01915000 	C:\Windows\SYSTEM32\windows.storage.dll
0x00007ffd03ef0000 - 0x00007ffd04244000 	C:\Windows\System32\combase.dll
0x00007ffd02f30000 - 0x00007ffd02f5b000 	C:\Windows\SYSTEM32\Wldp.dll
0x00007ffd04ee0000 - 0x00007ffd04fad000 	C:\Windows\System32\OLEAUT32.dll
0x00007ffd04b00000 - 0x00007ffd04bad000 	C:\Windows\System32\SHCORE.dll
0x00007ffd05210000 - 0x00007ffd0526b000 	C:\Windows\System32\shlwapi.dll
0x00007ffd03430000 - 0x00007ffd03454000 	C:\Windows\SYSTEM32\profapi.dll
0x00007ffc9ca10000 - 0x00007ffc9cae7000 	C:\Program Files\Java\jdk-21\bin\jsvml.dll
0x00007ffcd3190000 - 0x00007ffcd31a8000 	C:\Program Files\Java\jdk-21\bin\zip.dll
0x00007ffcd3f10000 - 0x00007ffcd3f20000 	C:\Program Files\Java\jdk-21\bin\net.dll
0x00007ffcfd9d0000 - 0x00007ffcfdada000 	C:\Windows\SYSTEM32\WINHTTP.dll
0x00007ffd02c90000 - 0x00007ffd02cfa000 	C:\Windows\system32\mswsock.dll
0x00007ffcd3ef0000 - 0x00007ffcd3f06000 	C:\Program Files\Java\jdk-21\bin\nio.dll
0x00007ffcbb5d0000 - 0x00007ffcbb5d9000 	C:\Program Files\Java\jdk-21\bin\extnet.dll
0x00007ffcc1410000 - 0x00007ffcc141e000 	C:\Program Files\Java\jdk-21\bin\sunmscapi.dll
0x00007ffd03500000 - 0x00007ffd0365d000 	C:\Windows\System32\CRYPT32.dll
0x00007ffd02fa0000 - 0x00007ffd02fc7000 	C:\Windows\SYSTEM32\ncrypt.dll
0x00007ffd02f60000 - 0x00007ffd02f9b000 	C:\Windows\SYSTEM32\NTASN1.dll
0x00007ffd02e90000 - 0x00007ffd02ea8000 	C:\Windows\SYSTEM32\CRYPTSP.dll
0x00007ffd02540000 - 0x00007ffd02578000 	C:\Windows\system32\rsaenh.dll
0x00007ffd033b0000 - 0x00007ffd033de000 	C:\Windows\SYSTEM32\USERENV.dll
0x00007ffd02e80000 - 0x00007ffd02e8c000 	C:\Windows\SYSTEM32\CRYPTBASE.dll
0x00007ffd02920000 - 0x00007ffd0295b000 	C:\Windows\SYSTEM32\IPHLPAPI.DLL
0x00007ffd04ed0000 - 0x00007ffd04ed8000 	C:\Windows\System32\NSI.dll
0x00007ffcbb5c0000 - 0x00007ffcbb5ca000 	C:\Program Files\Java\jdk-21\bin\management.dll
0x00007ffcbb5b0000 - 0x00007ffcbb5bb000 	C:\Program Files\Java\jdk-21\bin\management_ext.dll
0x00007ffd05120000 - 0x00007ffd05128000 	C:\Windows\System32\PSAPI.DLL
0x00007ffd02970000 - 0x00007ffd02a3a000 	C:\Windows\SYSTEM32\DNSAPI.dll
0x00007ffcfb2c0000 - 0x00007ffcfb2ca000 	C:\Windows\System32\rasadhlp.dll
0x00007ffcf1b00000 - 0x00007ffcf1b80000 	C:\Windows\System32\fwpuclnt.dll

dbghelp: loaded successfully - version: 4.0.5 - missing functions: none
symbol engine: initialized successfully - sym options: 0x614 - pdb path: .;C:\Program Files\Java\jdk-21\bin;C:\Windows\SYSTEM32;C:\Program Files\Avast Software\Avast;C:\Windows\WinSxS\amd64_microsoft.windows.common-controls_6595b64144ccf1df_6.0.19041.6456_none_60b8a6cb71f64256;C:\Program Files\Java\jdk-21\bin\server

VM Arguments:
jvm_args: -javaagent:C:\Program Files\JetBrains\IntelliJ IDEA Community Edition 2025.2.3\lib\idea_rt.jar=52076 -Dfile.encoding=UTF-8 -Dsun.stdout.encoding=UTF-8 -Dsun.stderr.encoding=UTF-8 
java_command: com.example.fullstack_backend.FullstackBackendApplication
java_class_path (initial): E:\springboot -projects\project 2(usernmae, name,email)\fullstack-backend\fullstack-backend\target\classes;C:\Users\Kasvi\.m2\repository\org\springframework\boot\spring-boot-starter-data-jpa\3.5.7\spring-boot-starter-data-jpa-3.5.7.jar;C:\Users\Kasvi\.m2\repository\org\springframework\boot\spring-boot-starter\3.5.7\spring-boot-starter-3.5.7.jar;C:\Users\Kasvi\.m2\repository\org\springframework\boot\spring-boot\3.5.7\spring-boot-3.5.7.jar;C:\Users\Kasvi\.m2\repository\org\springframework\boot\spring-boot-autoconfigure\3.5.7\spring-boot-autoconfigure-3.5.7.jar;C:\Users\Kasvi\.m2\repository\org\springframework\boot\spring-boot-starter-logging\3.5.7\spring-boot-starter-logging-3.5.7.jar;C:\Users\Kasvi\.m2\repository\ch\qos\logback\logback-classic\1.5.20\logback-classic-1.5.20.jar;C:\Users\Kasvi\.m2\repository\ch\qos\logback\logback-core\1.5.20\logback-core-1.5.20.jar;C:\Users\Kasvi\.m2\repository\org\apache\logging\log4j\log4j-to-slf4j\2.24.3\log4j-to-slf4j-2.24.3.jar;C:\Users\Kasvi\.m2\repository\org\apache\logging\log4j\log4j-api\2.24.3\log4j-api-2.24.3.jar;C:\Users\Kasvi\.m2\repository\org\slf4j\jul-to-slf4j\2.0.17\jul-to-slf4j-2.0.17.jar;C:\Users\Kasvi\.m2\repository\jakarta\annotation\jakarta.annotation-api\2.1.1\jakarta.annotation-api-2.1.1.jar;C:\Users\Kasvi\.m2\repository\org\yaml\snakeyaml\2.4\snakeyaml-2.4.jar;C:\Users\Kasvi\.m2\repository\org\springframework\boot\spring-boot-starter-jdbc\3.5.7\spring-boot-starter-jdbc-3.5.7.jar;C:\Users\Kasvi\.m2\repository\com\zaxxer\HikariCP\6.3.3\HikariCP-6.3.3.jar;C:\Users\Kasvi\.m2\repository\org\springframework\spring-jdbc\6.2.12\spring-jdbc-6.2.12.jar;C:\Users\Kasvi\.m2\repository\org\hibernate\orm\hibernate-core\6.6.33.Final\hibernate-core-6.6.33.Final.jar;C:\Users\Kasvi\.m2\repository\jakarta\persistence\jakarta.persistence-api\3.1.0\jakarta.persistence-api-3.1.0.jar;C:\Users\Kasvi\.m2\repository\jakarta\transaction\jakarta.transaction-api\2.0.1\jakarta.transaction-api-2.0.1.jar;C:\Users\Kasvi\.m2\repository\org\jboss\logging\jboss-logging\3.6.1.Final\jboss-logging-3.6.1.Final.jar;C:\Users\Kasvi\.m2\repository\org\hibernate\common\hibernate-commons-annotations\7.0.3.Final\hibernate-commons-annotations-7.0.3.Final.jar;C:\Users\Kasvi\.m2\repository\io\smallrye\jandex\3.2.0\jandex-3.2.0.jar;C:\Users\Kasvi\.m2\repository\com\fasterxml\classmate\1.7.1\classmate-1.7.1.jar;C:\Users\Kasvi\.m2\repository\net\bytebuddy\byte-buddy\1.17.8\byte-buddy-1.17.8.jar;C:\Users\Kasvi\.m2\repository\org\glassfish\jaxb\jaxb-runtime\4.0.6\jaxb-runtime-4.0.6.jar;C:\Users\Kasvi\.m2\repository\org\glassfish\jaxb\jaxb-core\4.0.6\jaxb-core-4.0.6.jar;C:\Users\Kasvi\.m2\repository\org\eclipse\angus\angus-activation\2.0.3\angus-activation-2.0.3.jar;C:\Users\Kasvi\.m2\repository\org\glassfish\jaxb\txw2\4.0.6\txw2-4.0.6.jar;C:\Users\Kasvi\.m2\repository\com\sun\istack\istack-commons-runtime\4.1.2\istack-commons-runtime-4.1.2.jar;C:\Users\Kasvi\.m2\repository\jakarta\inject\jakarta.inject-api\2.0.1\jakarta.inject-api-2.0.1.jar;C:\Users\Kasvi\.m2\repository\org\antlr\antlr4-runtime\4.13.0\antlr4-runtime-4.13.0.jar;C:\Users\Kasvi\.m2\repository\org\springframework\data\spring-data-jpa\3.5.5\spring-data-jpa-3.5.5.jar;C:\Users\Kasvi\.m2\repository\org\springframework\data\spring-data-commons\3.5.5\spring-data-commons-3.5.5.jar;C:\Users\Kasvi\.m2\repository\org\springframework\spring-orm\6.2.12\spring-orm-6.2.12.jar;C:\Users\Kasvi\.m2\repository\org\springframework\spring-context\6.2.12\spring-context-6.2.12.jar;C:\Users\Kasvi\.m2\repository\org\springframework\spring-aop\6.2.12\spring-aop-6.2.12.jar;C:\Users\Kasvi\.m2\repository\org\springframework\spring-tx\6.2.12\spring-tx-6.2.12.jar;C:\Users\Kasvi\.m2\repository\org\springframework\spring-beans\6.2.12\spring-beans-6.2.12.jar;C:\Users\Kasvi\.m2\repository\org\slf4j\slf4j-api\2.0.17\slf4j-api-2.0.17.jar;C:\Users\Kasvi\.m2\repository\org\springframework\spring-aspects\6.2.12\spring-aspects-6.2.12.jar;C:\Users\Kasvi\.m2\repository\org\aspectj\aspectjweaver\1.9.24\aspectjweaver-1.9.24.jar;C:\Users\Kasvi\.m2\repository\org\springframework\boot\spring-boot-starter-web\3.5.7\spring-boot-starter-web-3.5.7.jar;C:\Users\Kasvi\.m2\repository\org\springframework\boot\spring-boot-starter-json\3.5.7\spring-boot-starter-json-3.5.7.jar;C:\Users\Kasvi\.m2\repository\com\fasterxml\jackson\core\jackson-databind\2.19.2\jackson-databind-2.19.2.jar;C:\Users\Kasvi\.m2\repository\com\fasterxml\jackson\core\jackson-annotations\2.19.2\jackson-annotations-2.19.2.jar;C:\Users\Kasvi\.m2\repository\com\fasterxml\jackson\core\jackson-core\2.19.2\jackson-core-2.19.2.jar;C:\Users\Kasvi\.m2\repository\com\fasterxml\jackson\datatype\jackson-datatype-jdk8\2.19.2\jackson-datatype-jdk8-2.19.2.jar;C:\Users\Kasvi\.m2\repository\com\fasterxml\jackson\datatype\jackson-datatype-jsr310\2.19.2\jackson-datatype-jsr310-2.19.2.jar;C:\Users\Kasvi\.m2\repository\com\fasterxml\jackson\module\jackson-module-parameter-names\2.19.2\jackson-module-parameter-names-2.19.2.jar;C:\Users\Kasvi\.m2\repository\org\springframework\boot\spring-boot-starter-tomcat\3.5.7\spring-boot-starter-tomcat-3.5.7.jar;C:\Users\Kasvi\.m2\repository\org\apache\tomcat\embed\tomcat-embed-core\10.1.48\tomcat-embed-core-10.1.48.jar;C:\Users\Kasvi\.m2\repository\org\apache\tomcat\embed\tomcat-embed-el\10.1.48\tomcat-embed-el-10.1.48.jar;C:\Users\Kasvi\.m2\repository\org\apache\tomcat\embed\tomcat-embed-websocket\10.1.48\tomcat-embed-websocket-10.1.48.jar;C:\Users\Kasvi\.m2\repository\org\springframework\spring-web\6.2.12\spring-web-6.2.12.jar;C:\Users\Kasvi\.m2\repository\io\micrometer\micrometer-observation\1.15.5\micrometer-observation-1.15.5.jar;C:\Users\Kasvi\.m2\repository\io\micrometer\micrometer-commons\1.15.5\micrometer-commons-1.15.5.jar;C:\Users\Kasvi\.m2\repository\org\springframework\spring-webmvc\6.2.12\spring-webmvc-6.2.12.jar;C:\Users\Kasvi\.m2\repository\org\springframework\spring-expression\6.2.12\spring-expression-6.2.12.jar;C:\Users\Kasvi\.m2\repository\com\mysql\mysql-connector-j\9.4.0\mysql-connector-j-9.4.0.jar;C:\Users\Kasvi\.m2\repository\jakarta\xml\bind\jakarta.xml.bind-api\4.0.4\jakarta.xml.bind-api-4.0.4.jar;C:\Users\Kasvi\.m2\repository\jakarta\activation\jakarta.activation-api\2.1.4\jakarta.activation-api-2.1.4.jar;C:\Users\Kasvi\.m2\repository\org\springframework\spring-core\6.2.12\spring-core-6.2.12.jar;C:\Users\Kasvi\.m2\repository\org\springframework\spring-jcl\6.2.12\spring-jcl-6.2.12.jar
Launcher Type: SUN_STANDARD

[Global flags]
     intx CICompilerCount                          = 3                                         {product} {ergonomic}
     uint ConcGCThreads                            = 1                                         {product} {ergonomic}
     uint G1ConcRefinementThreads                  = 4                                         {product} {ergonomic}
   size_t G1HeapRegionSize                         = 1048576                                   {product} {ergonomic}
    uintx GCDrainStackTargetSize                   = 64                                        {product} {ergonomic}
   size_t InitialHeapSize                          = 62914560                                  {product} {ergonomic}
   size_t MarkStackSize                            = 4194304                                   {product} {ergonomic}
   size_t MaxHeapSize                              = 1004535808                                {product} {ergonomic}
   size_t MaxNewSize                               = 601882624                                 {product} {ergonomic}
   size_t MinHeapDeltaBytes                        = 1048576                                   {product} {ergonomic}
   size_t MinHeapSize                              = 8388608                                   {product} {ergonomic}
    uintx NonNMethodCodeHeapSize                   = 5832780                                {pd product} {ergonomic}
    uintx NonProfiledCodeHeapSize                  = 122912730                              {pd product} {ergonomic}
    uintx ProfiledCodeHeapSize                     = 122912730                              {pd product} {ergonomic}
    uintx ReservedCodeCacheSize                    = 251658240                              {pd product} {ergonomic}
     bool SegmentedCodeCache                       = true                                      {product} {ergonomic}
   size_t SoftMaxHeapSize                          = 1004535808                             {manageable} {ergonomic}
     bool UseCompressedOops                        = true                           {product lp64_product} {ergonomic}
     bool UseG1GC                                  = true                                      {product} {ergonomic}
     bool UseLargePagesIndividualAllocation        = false                                  {pd product} {ergonomic}

Logging:
Log output configuration:
 #0: stdout all=warning uptime,level,tags foldmultilines=false
 #1: stderr all=off uptime,level,tags foldmultilines=false

Environment Variables:
PATH=C:\Program Files\Common Files\Oracle\Java\javapath;C:\Program Files\Python313\Scripts\;C:\Program Files\Python313\;C:\Windows\system32;C:\Windows;C:\Windows\System32\Wbem;C:\Windows\System32\WindowsPowerShell\v1.0\;C:\Windows\System32\OpenSSH\;C:\Program Files\dotnet\;C:\Program Files (x86)\Microsoft SQL Server\160\Tools\Binn\;C:\Program Files\Microsoft SQL Server\160\Tools\Binn\;C:\Program Files\Microsoft SQL Server\Client SDK\ODBC\170\Tools\Binn\;C:\Program Files\Microsoft SQL Server\160\DTS\Binn\;C:\Program Files (x86)\Microsoft SQL Server\160\DTS\Binn\;C:\Program Files\Git\cmd;C:\Program Files\MySQL\MySQL Server 8.0\bin;C:\Program Files\nodejs\;C:\Users\Kasvi\AppData\Roaming\Python\Python313\Scripts;C:\Users\Kasvi\AppData\Roaming\Microsoft\Windows\Start Menu\Programs\Python 3.13;C:\Users\Kasvi\AppData\Local\Microsoft\WindowsApps;C:\Users\Kasvi\AppData\Local\Programs\Microsoft VS Code\bin;C:\Program Files\PostgreSQL\18\bin;C:\Users\Kasvi\AppData\Roaming\npm
USERNAME=Kasvi
OS=Windows_NT
PROCESSOR_IDENTIFIER=Intel64 Family 6 Model 140 Stepping 1, GenuineIntel
TMP=C:\Users\Kasvi\AppData\Local\Temp
TEMP=C:\Users\Kasvi\AppData\Local\Temp




Periodic native trim disabled

---------------  S Y S T E M  ---------------

OS:
 Windows 10 , 64 bit Build 19041 (10.0.19041.5915)
OS uptime: 0 days 0:32 hours

CPU: total 4 (initial active 4) (2 cores per cpu, 2 threads per core) family 6 model 140 stepping 1 microcode 0xbc, cx8, cmov, fxsr, ht, mmx, 3dnowpref, sse, sse2, sse3, ssse3, sse4.1, sse4.2, popcnt, lzcnt, tsc, tscinvbit, avx, avx2, aes, erms, clmul, bmi1, bmi2, adx, avx512f, avx512dq, avx512cd, avx512bw, avx512vl, sha, fma, vzeroupper, avx512_vpopcntdq, avx512_vpclmulqdq, avx512_vaes, avx512_vnni, clflush, clflushopt, clwb, avx512_vbmi2, avx512_vbmi, rdtscp, rdpid, fsrm, gfni, avx512_bitalg, f16c, pku, cet_ibt, cet_ss, avx512_ifma
Processor Information for processor 0
  Max Mhz: 2995, Current Mhz: 2995, Mhz Limit: 2995
Processor Information for processor 1
  Max Mhz: 2995, Current Mhz: 2995, Mhz Limit: 2995
Processor Information for processor 2
  Max Mhz: 2995, Current Mhz: 898, Mhz Limit: 2995
Processor Information for processor 3
  Max Mhz: 2995, Current Mhz: 2995, Mhz Limit: 2995

Memory: 4k page, system-wide physical 3830M (46M free)
TotalPageFile size 15606M (AvailPageFile size 0M)
current process WorkingSet (physical memory assigned to process): 190M, peak: 190M
current process commit charge ("private bytes"): 228M, peak: 229M

vm_info: Java HotSpot(TM) 64-Bit Server VM (21.0.8+12-LTS-250) for windows-amd64 JRE (21.0.8+12-LTS-250), built on 2025-06-27T08:11:22Z by "mach5one" with MS VC++ 17.6 (VS2022)

END.
